// Jest Snapshot v1, https://goo.gl/fbAQLP

exports[`record turns colors when clicked 1`] = `
<button
  className="record-play"
  onClick={[Function]}
>
  Record
</button>
`;

exports[`record turns colors when clicked 2`] = `
<button
  className="record-play"
  onClick={[Function]}
>
  Record
</button>
`;

exports[`record turns colors when clicked 3`] = `
<button
  className="record-play"
  onClick={[Function]}
>
  Record
</button>
`;
