// Jest Snapshot v1, https://goo.gl/fbAQLP

exports[`With an empty list of recordings renders Sound Recorder title 1`] = `
<DocumentFragment>
  <header>
    <h1
      style="margin-top: 0px; margin-bottom: 0px;"
    >
      <a
        class="logo"
        href="#/"
      >
        <img
          alt="logo"
          class="logo-file"
          src="/logo512.webp"
        />
        Sound Recorder
      </a>
    </h1>
  </header>
  <main>
    <canvas
      class="visualizer"
    />
    <button
      class="record-play"
    >
      Record
    </button>
  </main>
  <footer>
    <nav>
      <ul>
        <li>
          <a
            aria-current="page"
            class="selected"
            href="#/"
            title="Record"
          >
            🎙
          </a>
        </li>
        <li>
          <a
            href="#/recordings"
            title="Recordings"
          >
            🎧
          </a>
        </li>
        <li>
          <a
            href="#/settings"
            title="Settings"
          >
            🛠
          </a>
        </li>
        <li>
          <a
            href="#/user"
            title="User Details"
          >
            ⚙️
          </a>
        </li>
      </ul>
    </nav>
  </footer>
</DocumentFragment>
`;
